{a 1.050=1.0/1.1/1.1, a-1.050=-1.1/-1.0/-1.0, b 1.025=1.0/1.0/1.1, b-1.025=-1.1/-1.0/-1.0, c 1.075=1.0/1.1/1.1, c-1.075=-1.1/-1.1/-1.0, ham=14.6/25.5/33.6, jel=-9.0/18.0/46.5}
